V3 35
FL /home/student1/a2bholat/coe758/CacheController_1.1/Cache.vhd 2025/10/23.20:08:55 O.87xd
EN work/Cache 1761270148 \
      FL /home/student1/a2bholat/coe758/CacheController_1.1/Cache.vhd \
      PB ieee/std_logic_1164 1325952872
AR work/Cache/Behavioral 1761270149 \
      FL /home/student1/a2bholat/coe758/CacheController_1.1/Cache.vhd \
      EN work/Cache 1761270148 CP SRAM CP CacheController
FL /home/student1/a2bholat/coe758/CacheController_1.1/CacheController.vhd 2025/10/23.21:42:11 O.87xd
EN work/CacheController 1761270136 \
      FL /home/student1/a2bholat/coe758/CacheController_1.1/CacheController.vhd \
      PB ieee/std_logic_1164 1325952872 PB ieee/STD_LOGIC_UNSIGNED 1325952875 \
      PB ieee/NUMERIC_STD 1325952877
AR work/CacheController/Behavioral 1761270137 \
      FL /home/student1/a2bholat/coe758/CacheController_1.1/CacheController.vhd \
      EN work/CacheController 1761270136
FL /home/student1/a2bholat/coe758/CacheController_1.1/CacheSystem.vhd 2025/10/23.20:08:55 O.87xd
EN work/CacheSystem 1761270150 \
      FL /home/student1/a2bholat/coe758/CacheController_1.1/CacheSystem.vhd \
      PB ieee/std_logic_1164 1325952872 PB ieee/NUMERIC_STD 1325952877
AR work/CacheSystem/Behavioral 1761270151 \
      FL /home/student1/a2bholat/coe758/CacheController_1.1/CacheSystem.vhd \
      EN work/CacheSystem 1761270150 CP icon CP ila CP vio CP CPU_Gen \
      CP SDRAMController CP Cache
FL /home/student1/a2bholat/coe758/CacheController_1.1/CPU_Gen.vhd 2025/10/18.13:45:20 O.87xd
EN work/CPU_gen 1761270144 \
      FL /home/student1/a2bholat/coe758/CacheController_1.1/CPU_Gen.vhd \
      PB ieee/std_logic_1164 1325952872 PB ieee/std_logic_arith 1325952873 \
      PB ieee/STD_LOGIC_UNSIGNED 1325952875
AR work/CPU_gen/Behavioral 1761270145 \
      FL /home/student1/a2bholat/coe758/CacheController_1.1/CPU_Gen.vhd \
      EN work/CPU_gen 1761270144
FL /home/student1/a2bholat/coe758/CacheController_1.1/ipcore_dir/icon.vhd 2025/10/20.14:29:12 O.87xd
EN work/icon 1761270138 \
      FL /home/student1/a2bholat/coe758/CacheController_1.1/ipcore_dir/icon.vhd \
      PB ieee/std_logic_1164 1325952872
AR work/icon/icon_a 1761270139 \
      FL /home/student1/a2bholat/coe758/CacheController_1.1/ipcore_dir/icon.vhd \
      EN work/icon 1761270138
FL /home/student1/a2bholat/coe758/CacheController_1.1/ipcore_dir/ila.vhd 2025/10/20.14:39:34 O.87xd
EN work/ila 1761270140 \
      FL /home/student1/a2bholat/coe758/CacheController_1.1/ipcore_dir/ila.vhd \
      PB ieee/std_logic_1164 1325952872
AR work/ila/ila_a 1761270141 \
      FL /home/student1/a2bholat/coe758/CacheController_1.1/ipcore_dir/ila.vhd \
      EN work/ila 1761270140
FL /home/student1/a2bholat/coe758/CacheController_1.1/ipcore_dir/SRAM.vhd 2025/10/18.15:31:37 O.87xd
EN work/SRAM 1761270134 \
      FL /home/student1/a2bholat/coe758/CacheController_1.1/ipcore_dir/SRAM.vhd \
      PB ieee/std_logic_1164 1325952872
AR work/SRAM/SRAM_a 1761270135 \
      FL /home/student1/a2bholat/coe758/CacheController_1.1/ipcore_dir/SRAM.vhd \
      EN work/SRAM 1761270134
FL /home/student1/a2bholat/coe758/CacheController_1.1/ipcore_dir/vio.vhd 2025/10/20.14:52:58 O.87xd
EN work/vio 1761270142 \
      FL /home/student1/a2bholat/coe758/CacheController_1.1/ipcore_dir/vio.vhd \
      PB ieee/std_logic_1164 1325952872
AR work/vio/vio_a 1761270143 \
      FL /home/student1/a2bholat/coe758/CacheController_1.1/ipcore_dir/vio.vhd \
      EN work/vio 1761270142
FL /home/student1/a2bholat/coe758/CacheController_1.1/SDRAMController.vhd 2025/10/23.20:08:55 O.87xd
EN work/SDRAMController 1761270146 \
      FL /home/student1/a2bholat/coe758/CacheController_1.1/SDRAMController.vhd \
      PB ieee/std_logic_1164 1325952872 PB ieee/STD_LOGIC_UNSIGNED 1325952875 \
      PB ieee/NUMERIC_STD 1325952877
AR work/SDRAMController/Behavioral 1761270147 \
      FL /home/student1/a2bholat/coe758/CacheController_1.1/SDRAMController.vhd \
      EN work/SDRAMController 1761270146
